#-----------------------------------------------------------
# Vivado v2025.1 (64-bit)
# SW Build 6140274 on Thu May 22 00:12:29 MDT 2025
# IP Build 6138677 on Thu May 22 03:10:11 MDT 2025
# SharedData Build 6139179 on Tue May 20 17:58:58 MDT 2025
# Start of session at: Fri Aug 22 00:52:49 2025
# Process ID         : 2624
# Current directory  : E:/Users/Abhay kumar sharma/siso_register/siso_register.runs/synth_1
# Command line       : vivado.exe -log siso.vds -product Vivado -mode batch -messageDb vivado.pb -notrace -source siso.tcl
# Log file           : E:/Users/Abhay kumar sharma/siso_register/siso_register.runs/synth_1/siso.vds
# Journal file       : E:/Users/Abhay kumar sharma/siso_register/siso_register.runs/synth_1\vivado.jou
# Running On         : LAPTOP-M8GQD59D
# Platform           : Windows Server 2016 or Windows 10
# Operating System   : 26100
# Processor Detail   : 11th Gen Intel(R) Core(TM) i3-1125G4 @ 2.00GHz
# CPU Frequency      : 1997 MHz
# CPU Physical cores : 4
# CPU Logical cores  : 8
# Host memory        : 8215 MB
# Swap memory        : 7739 MB
# Total Virtual      : 15954 MB
# Available Virtual  : 3281 MB
#-----------------------------------------------------------
source siso.tcl -notrace
